
Uday Vara@LAPTOP-FD40S4FS MINGW64 ~/Documents/Git Tutorial/Git (master)
$ git status
On branch master
Untracked files:
  (use "git add <file>..." to include in what will be committed)
        uday
        uday.pub

nothing added to commit but untracked files present (use "git add" to track)

Uday Vara@LAPTOP-FD40S4FS MINGW64 ~/Documents/Git Tutorial/Git (master)
$ git add --a
warning: in the working copy of 'uday', LF will be replaced by CRLF the next time Git touches it
warning: in the working copy of 'uday.pub', LF will be replaced by CRLF the next time Git touches it

Uday Vara@LAPTOP-FD40S4FS MINGW64 ~/Documents/Git Tutorial/Git (master)
$ git status
On branch master
Changes to be committed:
  (use "git restore --staged <file>..." to unstage)
        new file:   uday
        new file:   uday.pub


Uday Vara@LAPTOP-FD40S4FS MINGW64 ~/Documents/Git Tutorial/Git (master)
$ git push -u origin master
warning: could not find UI helper 'GitHub.UI'


Uday Vara@LAPTOP-FD40S4FS MINGW64 ~/Documents/Git Tutorial/Git (master)
$ git push
fatal: The current branch master has no upstream branch.
To push the current branch and set the remote as upstream, use

    git push --set-upstream origin master

To have this happen automatically for branches without a tracking
upstream, see 'push.autoSetupRemote' in 'git help config'.


Uday Vara@LAPTOP-FD40S4FS MINGW64 ~/Documents/Git Tutorial/Git (master)
$ git status
On branch master
Changes to be committed:
  (use "git restore --staged <file>..." to unstage)
        new file:   uday
        new file:   uday.pub


Uday Vara@LAPTOP-FD40S4FS MINGW64 ~/Documents/Git Tutorial/Git (master)
$ git add --a

Uday Vara@LAPTOP-FD40S4FS MINGW64 ~/Documents/Git Tutorial/Git (master)
$ git commit -m "pleas yarr thai jaa ne"
[master 7026501] pleas yarr thai jaa ne
 2 files changed, 9 insertions(+)
 create mode 100644 uday
 create mode 100644 uday.pub

Uday Vara@LAPTOP-FD40S4FS MINGW64 ~/Documents/Git Tutorial/Git (master)
$ git status
On branch master
nothing to commit, working tree clean

Uday Vara@LAPTOP-FD40S4FS MINGW64 ~/Documents/Git Tutorial/Git (master)
$ git push -u origin master
warning: could not find UI helper 'GitHub.UI'





Uday Vara@LAPTOP-FD40S4FS MINGW64 ~/Documents/Git Tutorial/Git (master)
$ git remote
origin

Uday Vara@LAPTOP-FD40S4FS MINGW64 ~/Documents/Git Tutorial/Git (master)
$ git push origin master
warning: could not find UI helper 'GitHub.UI'


Uday Vara@LAPTOP-FD40S4FS MINGW64 ~/Documents/Git Tutorial/Git (master)
$ git remote set-url origin git@github.com:UVwithHack/Demo.git

Uday Vara@LAPTOP-FD40S4FS MINGW64 ~/Documents/Git Tutorial/Git (master)
$ git remote
origin

Uday Vara@LAPTOP-FD40S4FS MINGW64 ~/Documents/Git Tutorial/Git (master)
$ git remote -v
origin  git@github.com:UVwithHack/Demo.git (fetch)
origin  git@github.com:UVwithHack/Demo.git (push)

Uday Vara@LAPTOP-FD40S4FS MINGW64 ~/Documents/Git Tutorial/Git (master)
$ git push -u origin master
The authenticity of host 'github.com (20.207.73.82)' can't be established.
ED25519 key fingerprint is SHA256:+DiY3wvvV6TuJJhbpZisF/zLDA0zPMSvHdkr4UvCOqU.
This key is not known by any other names.
Are you sure you want to continue connecting (yes/no/[fingerprint])? yes
Warning: Permanently added 'github.com' (ED25519) to the list of known hosts.
Enumerating objects: 11, done.
Counting objects: 100% (11/11), done.
Delta compression using up to 8 threads
Compressing objects: 100% (8/8), done.
Writing objects: 100% (11/11), 10.64 KiB | 519.00 KiB/s, done.
Total 11 (delta 1), reused 0 (delta 0), pack-reused 0
remote: Resolving deltas: 100% (1/1), done.
To github.com:UVwithHack/Demo.git
 * [new branch]      master -> master
branch 'master' set up to track 'origin/master'.
