
Uday Vara@LAPTOP-FD40S4FS MINGW64 ~/Documents/Git Tutorial/Git (master)
$ git status
On branch master
Changes to be committed:
  (use "git restore --staged <file>..." to unstage)
        modified:   .gitignore
        modified:   static/Hii i want to you ()().txt


Uday Vara@LAPTOP-FD40S4FS MINGW64 ~/Documents/Git Tutorial/Git (master)
$ git commit -m "Everythintg done at this time"
[master b6afbb7] Everythintg done at this time
 2 files changed, 2 insertions(+), 1 deletion(-)

Uday Vara@LAPTOP-FD40S4FS MINGW64 ~/Documents/Git Tutorial/Git (master)
$ git status
On branch master
nothing to commit, working tree clean

Uday Vara@LAPTOP-FD40S4FS MINGW64 ~/Documents/Git Tutorial/Git (master)
$ git status
On branch master
nothing to commit, working tree clean

Uday Vara@LAPTOP-FD40S4FS MINGW64 ~/Documents/Git Tutorial/Git (master)
$ git status
On branch master
nothing to commit, working tree clean

Uday Vara@LAPTOP-FD40S4FS MINGW64 ~/Documents/Git Tutorial/Git (master)
$ git status
On branch master
Changes not staged for commit:
  (use "git add <file>..." to update what will be committed)
  (use "git restore <file>..." to discard changes in working directory)
        modified:   uv1.txt

no changes added to commit (use "git add" and/or "git commit -a")

Uday Vara@LAPTOP-FD40S4FS MINGW64 ~/Documents/Git Tutorial/Git (master)
$ git status
On branch master
Changes not staged for commit:
  (use "git add <file>..." to update what will be committed)
  (use "git restore <file>..." to discard changes in working directory)
        modified:   uv1.txt

no changes added to commit (use "git add" and/or "git commit -a")

Uday Vara@LAPTOP-FD40S4FS MINGW64 ~/Documents/Git Tutorial/Git (master)
$ git status
On branch master
Changes not staged for commit:
  (use "git add <file>..." to update what will be committed)
  (use "git restore <file>..." to discard changes in working directory)
        modified:   uv1.txt

Untracked files:
  (use "git add <file>..." to include in what will be committed)
        uv1 - Copy.txt

no changes added to commit (use "git add" and/or "git commit -a")

Uday Vara@LAPTOP-FD40S4FS MINGW64 ~/Documents/Git Tutorial/Git (master)
$ git commit -a -m "Direct commit"
[master 5cd88ee] Direct commit
 1 file changed, 4 insertions(+)

Uday Vara@LAPTOP-FD40S4FS MINGW64 ~/Documents/Git Tutorial/Git (master)
$ git status
On branch master
Untracked files:
  (use "git add <file>..." to include in what will be committed)
        uv1 - Copy.txt

nothing added to commit but untracked files present (use "git add" to track)

Uday Vara@LAPTOP-FD40S4FS MINGW64 ~/Documents/Git Tutorial/Git (master)
$ git add .

Uday Vara@LAPTOP-FD40S4FS MINGW64 ~/Documents/Git Tutorial/Git (master)
$ git status
On branch master
Changes to be committed:
  (use "git restore --staged <file>..." to unstage)
        new file:   uv1 - Copy.txt


Uday Vara@LAPTOP-FD40S4FS MINGW64 ~/Documents/Git Tutorial/Git (master)
$ git commit -a -m "Added uv1"
[master cf1e8d5] Added uv1
 1 file changed, 5 insertions(+)
 create mode 100644 uv1 - Copy.txt

Uday Vara@LAPTOP-FD40S4FS MINGW64 ~/Documents/Git Tutorial/Git (master)
$ git log
commit cf1e8d5af8e87d83d3c8d2f79b03e15c3c0d0d52 (HEAD -> master)
Author: uday <udayvara26@gamail.com>
Date:   Mon Dec 26 13:41:22 2022 +0530

    Added uv1

commit 5cd88ee978125e32c64a82fc377bf15115d27012
Author: uday <udayvara26@gamail.com>
Date:   Mon Dec 26 13:39:52 2022 +0530

    Direct commit

commit b6afbb70bf92b280aa1d0287654d778955d09b01
Author: uday <udayvara26@gamail.com>
Date:   Mon Dec 26 13:26:46 2022 +0530

    Everythintg done at this time

commit 6cff73de2957439f5281101adfdc8d5b1be2e643
Author: uday <udayvara26@gamail.com>
Date:   Sat Dec 24 23:04:03 2022 +0530

    Added static

commit 8e719faee8e0eef56f5aedbfc4a53cee06932c4a
Author: uday <udayvara26@gamail.com>
Date:   Sat Dec 24 22:50:01 2022 +0530

    Added git ignore

commit 450de54b37797d8179f58c7da65f1c4357feaf1f
Author: uday <udayvara26@gamail.com>
Date:   Sat Dec 24 22:41:42 2022 +0530

Uday Vara@LAPTOP-FD40S4FS MINGW64 ~/Documents/Git Tutorial/Git (master)
$ git status
On branch master
Changes not staged for commit:
  (use "git add/rm <file>..." to update what will be committed)
  (use "git restore <file>..." to discard changes in working directory)
        deleted:    uv1 - Copy.txt

Untracked files:
  (use "git add <file>..." to include in what will be committed)
        uv1 -second.txt

no changes added to commit (use "git add" and/or "git commit -a")

Uday Vara@LAPTOP-FD40S4FS MINGW64 ~/Documents/Git Tutorial/Git (master)
$ git add .

Uday Vara@LAPTOP-FD40S4FS MINGW64 ~/Documents/Git Tutorial/Git (master)
$ git status
On branch master
Changes to be committed:
  (use "git restore --staged <file>..." to unstage)
        renamed:    uv1 - Copy.txt -> uv1 -second.txt


Uday Vara@LAPTOP-FD40S4FS MINGW64 ~/Documents/Git Tutorial/Git (master)
$ git commit -m "uv1-copy change to uv1-second"
[master 67f51f2] uv1-copy change to uv1-second
 1 file changed, 0 insertions(+), 0 deletions(-)
 rename uv1 - Copy.txt => uv1 -second.txt (100%)

Uday Vara@LAPTOP-FD40S4FS MINGW64 ~/Documents/Git Tutorial/Git (master)
$ git status
On branch master
nothing to commit, working tree clean

Uday Vara@LAPTOP-FD40S4FS MINGW64 ~/Documents/Git Tutorial/Git (master)
$ git status
On branch master
nothing to commit, working tree clean

Uday Vara@LAPTOP-FD40S4FS MINGW64 ~/Documents/Git Tutorial/Git (master)
$ git rm uv1-second
fatal: pathspec 'uv1-second' did not match any files

Uday Vara@LAPTOP-FD40S4FS MINGW64 ~/Documents/Git Tutorial/Git (master)
$ git rm uv1
fatal: pathspec 'uv1' did not match any files

Uday Vara@LAPTOP-FD40S4FS MINGW64 ~/Documents/Git Tutorial/Git (master)
$ git rm uv1.txt
rm 'uv1.txt'

Uday Vara@LAPTOP-FD40S4FS MINGW64 ~/Documents/Git Tutorial/Git (master)
$ git status
On branch master
Changes to be committed:
  (use "git restore --staged <file>..." to unstage)
        deleted:    uv1.txt


Uday Vara@LAPTOP-FD40S4FS MINGW64 ~/Documents/Git Tutorial/Git (master)
$ git status
On branch master
Changes to be committed:
  (use "git restore --staged <file>..." to unstage)
        deleted:    uv1.txt


Uday Vara@LAPTOP-FD40S4FS MINGW64 ~/Documents/Git Tutorial/Git (master)
$ git commit -m "Remove a uv1 file"
[master 9bbd031] Remove a uv1 file
 1 file changed, 5 deletions(-)
 delete mode 100644 uv1.txt

Uday Vara@LAPTOP-FD40S4FS MINGW64 ~/Documents/Git Tutorial/Git (master)
$ git status
On branch master
nothing to commit, working tree clean

Uday Vara@LAPTOP-FD40S4FS MINGW64 ~/Documents/Git Tutorial/Git (master)
$ git status
On branch master
nothing to commit, working tree clean

Uday Vara@LAPTOP-FD40S4FS MINGW64 ~/Documents/Git Tutorial/Git (master)
$ git mv uv1.txt UV1.txt
fatal: bad source, source=uv1.txt, destination=UV1.txt

Uday Vara@LAPTOP-FD40S4FS MINGW64 ~/Documents/Git Tutorial/Git (master)
$ git mv uv1.txt uday.txt
fatal: bad source, source=uv1.txt, destination=uday.txt

Uday Vara@LAPTOP-FD40S4FS MINGW64 ~/Documents/Git Tutorial/Git (master)
$ git mv uv1-second.txt uday.txt
fatal: bad source, source=uv1-second.txt, destination=uday.txt

Uday Vara@LAPTOP-FD40S4FS MINGW64 ~/Documents/Git Tutorial/Git (master)
$ git mv udu.docx uday.docx

Uday Vara@LAPTOP-FD40S4FS MINGW64 ~/Documents/Git Tutorial/Git (master)
$ git status
On branch master
Changes to be committed:
  (use "git restore --staged <file>..." to unstage)
        renamed:    udu.docx -> uday.docx


Uday Vara@LAPTOP-FD40S4FS MINGW64 ~/Documents/Git Tutorial/Git (master)
$ git commit -m "Renamed a udu.docx file"
[master f3afb1a] Renamed a udu.docx file
 1 file changed, 0 insertions(+), 0 deletions(-)
 rename udu.docx => uday.docx (100%)

Uday Vara@LAPTOP-FD40S4FS MINGW64 ~/Documents/Git Tutorial/Git (master)
$ git status
On branch master
Changes not staged for commit:
  (use "git add <file>..." to update what will be committed)
  (use "git restore <file>..." to discard changes in working directory)
        modified:   .gitignore

no changes added to commit (use "git add" and/or "git commit -a")

Uday Vara@LAPTOP-FD40S4FS MINGW64 ~/Documents/Git Tutorial/Git (master)
$ git add .

Uday Vara@LAPTOP-FD40S4FS MINGW64 ~/Documents/Git Tutorial/Git (master)
$ git status
On branch master
Changes to be committed:
  (use "git restore --staged <file>..." to unstage)
        modified:   .gitignore


Uday Vara@LAPTOP-FD40S4FS MINGW64 ~/Documents/Git Tutorial/Git (master)
$ git commit -m "changed gitignore"
[master 1429ecc] changed gitignore
 1 file changed, 1 insertion(+)

Uday Vara@LAPTOP-FD40S4FS MINGW64 ~/Documents/Git Tutorial/Git (master)
$ git status
On branch master
nothing to commit, working tree clean

Uday Vara@LAPTOP-FD40S4FS MINGW64 ~/Documents/Git Tutorial/Git (master)
$ git status
On branch master
Changes not staged for commit:
  (use "git add <file>..." to update what will be committed)
  (use "git restore <file>..." to discard changes in working directory)
        modified:   ewceew.pptx

Untracked files:
  (use "git add <file>..." to include in what will be committed)
        ~$ewceew.pptx

no changes added to commit (use "git add" and/or "git commit -a")

Uday Vara@LAPTOP-FD40S4FS MINGW64 ~/Documents/Git Tutorial/Git (master)
$ git status
On branch master
Changes not staged for commit:
  (use "git add <file>..." to update what will be committed)
  (use "git restore <file>..." to discard changes in working directory)
        modified:   ewceew.pptx

no changes added to commit (use "git add" and/or "git commit -a")

Uday Vara@LAPTOP-FD40S4FS MINGW64 ~/Documents/Git Tutorial/Git (master)
$ git rm -- cached ewceew
fatal: pathspec 'cached' did not match any files

Uday Vara@LAPTOP-FD40S4FS MINGW64 ~/Documents/Git Tutorial/Git (master)
$ git rm --cached ewceew
fatal: pathspec 'ewceew' did not match any files

Uday Vara@LAPTOP-FD40S4FS MINGW64 ~/Documents/Git Tutorial/Git (master)
$ git rm --cached ewceew
fatal: pathspec 'ewceew' did not match any files

Uday Vara@LAPTOP-FD40S4FS MINGW64 ~/Documents/Git Tutorial/Git (master)
$ git rm --cached ewceew
fatal: pathspec 'ewceew' did not match any files

Uday Vara@LAPTOP-FD40S4FS MINGW64 ~/Documents/Git Tutorial/Git (master)
$ git rm --cached ewceew.docx
fatal: pathspec 'ewceew.docx' did not match any files

Uday Vara@LAPTOP-FD40S4FS MINGW64 ~/Documents/Git Tutorial/Git (master)
$ git rm --cached ewceew.pptx
rm 'ewceew.pptx'

Uday Vara@LAPTOP-FD40S4FS MINGW64 ~/Documents/Git Tutorial/Git (master)
$ git status
On branch master
Changes to be committed:
  (use "git restore --staged <file>..." to unstage)
        deleted:    ewceew.pptx

Untracked files:
  (use "git add <file>..." to include in what will be committed)
        ewceew.pptx


Uday Vara@LAPTOP-FD40S4FS MINGW64 ~/Documents/Git Tutorial/Git (master)
$ git add .

Uday Vara@LAPTOP-FD40S4FS MINGW64 ~/Documents/Git Tutorial/Git (master)
$ git status
On branch master
Changes to be committed:
  (use "git restore --staged <file>..." to unstage)
        modified:   ewceew.pptx


Uday Vara@LAPTOP-FD40S4FS MINGW64 ~/Documents/Git Tutorial/Git (master)
$ git commit -m "delete a ewceew"
[master 5fdc610] delete a ewceew
 1 file changed, 0 insertions(+), 0 deletions(-)

Uday Vara@LAPTOP-FD40S4FS MINGW64 ~/Documents/Git Tutorial/Git (master)
$ git status
On branch master
nothing to commit, working tree clean

Uday Vara@LAPTOP-FD40S4FS MINGW64 ~/Documents/Git Tutorial/Git (master)
$ git status
On branch master
Changes not staged for commit:
  (use "git add <file>..." to update what will be committed)
  (use "git restore <file>..." to discard changes in working directory)
        modified:   ewceew.pptx

no changes added to commit (use "git add" and/or "git commit -a")

Uday Vara@LAPTOP-FD40S4FS MINGW64 ~/Documents/Git Tutorial/Git (master)
$ git rm --cached ewceew.pptx
rm 'ewceew.pptx'

Uday Vara@LAPTOP-FD40S4FS MINGW64 ~/Documents/Git Tutorial/Git (master)
$ git status
On branch master
Changes to be committed:
  (use "git restore --staged <file>..." to unstage)
        deleted:    ewceew.pptx

Untracked files:
  (use "git add <file>..." to include in what will be committed)
        ewceew.pptx


Uday Vara@LAPTOP-FD40S4FS MINGW64 ~/Documents/Git Tutorial/Git (master)
$ git status
On branch master
Changes to be committed:
  (use "git restore --staged <file>..." to unstage)
        deleted:    ewceew.pptx

Changes not staged for commit:
  (use "git add <file>..." to update what will be committed)
  (use "git restore <file>..." to discard changes in working directory)
        modified:   .gitignore


Uday Vara@LAPTOP-FD40S4FS MINGW64 ~/Documents/Git Tutorial/Git (master)
$ git add .

Uday Vara@LAPTOP-FD40S4FS MINGW64 ~/Documents/Git Tutorial/Git (master)
$ git status
On branch master
Changes to be committed:
  (use "git restore --staged <file>..." to unstage)
        modified:   .gitignore
        deleted:    ewceew.pptx


Uday Vara@LAPTOP-FD40S4FS MINGW64 ~/Documents/Git Tutorial/Git (master)
$ git commit -m "Everythig isn't done at time"
[master 51cf458] Everythig isn't done at time
 2 files changed, 1 insertion(+), 1 deletion(-)
 delete mode 100644 ewceew.pptx

Uday Vara@LAPTOP-FD40S4FS MINGW64 ~/Documents/Git Tutorial/Git (master)
$ git status
On branch master
nothing to commit, working tree clean

Uday Vara@LAPTOP-FD40S4FS MINGW64 ~/Documents/Git Tutorial/Git (master)
$ git status
On branch master
nothing to commit, working tree clean

Uday Vara@LAPTOP-FD40S4FS MINGW64 ~/Documents/Git Tutorial/Git (master)
$ git status
On branch master
Untracked files:
  (use "git add <file>..." to include in what will be committed)
        ~$ewceew.pptx

nothing added to commit but untracked files present (use "git add" to track)

Uday Vara@LAPTOP-FD40S4FS MINGW64 ~/Documents/Git Tutorial/Git (master)
$ git status
On branch master
nothing to commit, working tree clean

Uday Vara@LAPTOP-FD40S4FS MINGW64 ~/Documents/Git Tutorial/Git (master)
$
